--> Int32 DisplayBindGraph._One(Decimal arg)
 |--> Collector