--> CharacterFile CharacterFile.From(String fileName)
 |--> ConfigFile ConfigFile.Matching(CharacterFile characterFile)
 | |--> Collector
 |--> Collector
