--> CharacterFile CharacterFile.From(String fileName)
 |--> Collector
 |--> ConfigFile ConfigFile.Matching(CharacterFile characterFile)
 | |--> Collector
 | |--> Void <>c__DisplayClass0_0`2.<Scatter>b__0(ConfigFile source, Action`1 handleData)
 | | |--> Collector
 |--> Void <>c__DisplayClass0_0`2.<Scatter>b__0(CharacterFile source, Action`1 handleData)
 | |--> Collector
